[SchoolHub] DB: SchoolManagementtester — starting SchoolService...

  .   ____          _            __ _ _
 /\\ / ___'_ __ _ _(_)_ __  __ _ \ \ \ \
( ( )\___ | '_ | '_| | '_ \/ _` | \ \ \ \
 \\/  ___)| |_)| | | | | || (_| |  ) ) ) )
  '  |____| .__|_| |_|_| |_\__, | / / / /
 =========|_|==============|___/=/_/_/_/

 :: Spring Boot ::               (v3.5.14)

2026-07-15T21:07:46.202+01:00  INFO 42268 --- [SchoolService] [           main] c.s.s.SchoolServiceApplication           : Starting SchoolServiceApplication using Java 25.0.2 with PID 42268 (C:\Users\Deus\Desktop\Springworld\SchoolHub refix\SchoolService\target\classes started by Deus in C:\Users\Deus\Desktop\Springworld\SchoolHub refix\SchoolService)
2026-07-15T21:07:46.207+01:00  INFO 42268 --- [SchoolService] [           main] c.s.s.SchoolServiceApplication           : No active profile set, falling back to 1 default profile: "default"
2026-07-15T21:07:48.124+01:00  INFO 42268 --- [SchoolService] [           main] .s.d.r.c.RepositoryConfigurationDelegate : Bootstrapping Spring Data JPA repositories in DEFAULT mode.
2026-07-15T21:07:48.345+01:00  INFO 42268 --- [SchoolService] [           main] .s.d.r.c.RepositoryConfigurationDelegate : Finished Spring Data repository scanning in 210 ms. Found 42 JPA repository interfaces.
2026-07-15T21:07:49.127+01:00  INFO 42268 --- [SchoolService] [           main] o.s.b.w.embedded.tomcat.TomcatWebServer  : Tomcat initialized with port 9003 (http)
2026-07-15T21:07:49.152+01:00  INFO 42268 --- [SchoolService] [           main] o.apache.catalina.core.StandardService   : Starting service [Tomcat]
2026-07-15T21:07:49.153+01:00  INFO 42268 --- [SchoolService] [           main] o.apache.catalina.core.StandardEngine    : Starting Servlet engine: [Apache Tomcat/10.1.54]
2026-07-15T21:07:49.265+01:00  INFO 42268 --- [SchoolService] [           main] o.a.c.c.C.[Tomcat].[localhost].[/]       : Initializing Spring embedded WebApplicationContext
2026-07-15T21:07:49.266+01:00  INFO 42268 --- [SchoolService] [           main] w.s.c.ServletWebServerApplicationContext : Root WebApplicationContext: initialization completed in 2859 ms
2026-07-15T21:07:49.697+01:00  INFO 42268 --- [SchoolService] [           main] o.hibernate.jpa.internal.util.LogHelper  : HHH000204: Processing PersistenceUnitInfo [name: default]
2026-07-15T21:07:49.778+01:00  INFO 42268 --- [SchoolService] [           main] org.hibernate.Version                    : HHH000412: Hibernate ORM core version 6.6.49.Final
2026-07-15T21:07:49.840+01:00  INFO 42268 --- [SchoolService] [           main] o.h.c.internal.RegionFactoryInitiator    : HHH000026: Second-level cache disabled
2026-07-15T21:07:50.316+01:00  INFO 42268 --- [SchoolService] [           main] o.s.o.j.p.SpringPersistenceUnitInfo      : No LoadTimeWeaver setup: ignoring JPA class transformer
2026-07-15T21:07:50.360+01:00  INFO 42268 --- [SchoolService] [           main] com.zaxxer.hikari.HikariDataSource       : HikariPool-1 - Starting...
2026-07-15T21:07:50.428+01:00  INFO 42268 --- [SchoolService] [           main] com.zaxxer.hikari.pool.HikariPool        : HikariPool-1 - Added connection org.postgresql.jdbc.PgConnection@3dd750ba
2026-07-15T21:07:50.431+01:00  INFO 42268 --- [SchoolService] [           main] com.zaxxer.hikari.HikariDataSource       : HikariPool-1 - Start completed.
2026-07-15T21:07:50.573+01:00  INFO 42268 --- [SchoolService] [           main] org.hibernate.orm.connections.pooling    : HHH10001005: Database info:
	Database JDBC URL [undefined/unknown]
	Database driver: undefined/unknown
	Database version: 18.3
	Autocommit mode: undefined/unknown
	Isolation level: undefined/unknown
	Minimum pool size: undefined/unknown
	Maximum pool size: undefined/unknown
2026-07-15T21:07:52.656+01:00  INFO 42268 --- [SchoolService] [           main] o.h.e.t.j.p.i.JtaPlatformInitiator       : HHH000489: No JTA platform available (set 'hibernate.transaction.jta.platform' to enable JTA platform integration)
2026-07-15T21:07:52.817+01:00  INFO 42268 --- [SchoolService] [           main] j.LocalContainerEntityManagerFactoryBean : Initialized JPA EntityManagerFactory for persistence unit 'default'
2026-07-15T21:07:55.453+01:00  INFO 42268 --- [SchoolService] [           main] o.s.b.a.e.web.EndpointLinksResolver      : Exposing 1 endpoint beneath base path '/actuator'
2026-07-15T21:07:55.504+01:00  WARN 42268 --- [SchoolService] [           main] .s.s.UserDetailsServiceAutoConfiguration : 

Using generated security password: 86a7eb66-7269-4288-9c48-758c924feacd

This generated password is for development use only. Your security configuration must be updated before running your application in production.

2026-07-15T21:07:55.513+01:00  INFO 42268 --- [SchoolService] [           main] r$InitializeUserDetailsManagerConfigurer : Global AuthenticationManager configured with UserDetailsService bean with name inMemoryUserDetailsManager
2026-07-15T21:07:56.240+01:00  INFO 42268 --- [SchoolService] [           main] o.s.b.w.embedded.tomcat.TomcatWebServer  : Tomcat started on port 9003 (http) with context path '/'
2026-07-15T21:07:56.280+01:00  INFO 42268 --- [SchoolService] [           main] c.s.s.SchoolServiceApplication           : Started SchoolServiceApplication in 10.668 seconds (process running for 11.773)
2026-07-15T21:34:04.313+01:00  INFO 42268 --- [SchoolService] [nio-9003-exec-1] o.a.c.c.C.[Tomcat].[localhost].[/]       : Initializing Spring DispatcherServlet 'dispatcherServlet'
2026-07-15T21:34:04.315+01:00  INFO 42268 --- [SchoolService] [nio-9003-exec-1] o.s.web.servlet.DispatcherServlet        : Initializing Servlet 'dispatcherServlet'
2026-07-15T21:34:04.330+01:00  INFO 42268 --- [SchoolService] [nio-9003-exec-1] o.s.web.servlet.DispatcherServlet        : Completed initialization in 15 ms
