
  .   ____          _            __ _ _
 /\\ / ___'_ __ _ _(_)_ __  __ _ \ \ \ \
( ( )\___ | '_ | '_| | '_ \/ _` | \ \ \ \
 \\/  ___)| |_)| | | | | || (_| |  ) ) ) )
  '  |____| .__|_| |_|_| |_\__, | / / / /
 =========|_|==============|___/=/_/_/_/

 :: Spring Boot ::               (v3.5.14)

2026-06-28T13:46:30.219+01:00  INFO 22852 --- [TenantService] [           main] c.s.t.TenantServiceApplication           : Starting TenantServiceApplication using Java 25.0.2 with PID 22852 (C:\Users\Deus\Desktop\Springworld\SchoolHub\TenantService\target\classes started by Deus in C:\Users\Deus\Desktop\Springworld\SchoolHub\TenantService)
2026-06-28T13:46:30.229+01:00  INFO 22852 --- [TenantService] [           main] c.s.t.TenantServiceApplication           : No active profile set, falling back to 1 default profile: "default"
2026-06-28T13:46:36.572+01:00  INFO 22852 --- [TenantService] [           main] .s.d.r.c.RepositoryConfigurationDelegate : Bootstrapping Spring Data JPA repositories in DEFAULT mode.
2026-06-28T13:46:36.882+01:00  INFO 22852 --- [TenantService] [           main] .s.d.r.c.RepositoryConfigurationDelegate : Finished Spring Data repository scanning in 270 ms. Found 5 JPA repository interfaces.
2026-06-28T13:46:39.863+01:00  INFO 22852 --- [TenantService] [           main] o.s.b.w.embedded.tomcat.TomcatWebServer  : Tomcat initialized with port 9102 (http)
2026-06-28T13:46:39.915+01:00  INFO 22852 --- [TenantService] [           main] o.apache.catalina.core.StandardService   : Starting service [Tomcat]
2026-06-28T13:46:39.916+01:00  INFO 22852 --- [TenantService] [           main] o.apache.catalina.core.StandardEngine    : Starting Servlet engine: [Apache Tomcat/10.1.54]
2026-06-28T13:46:40.314+01:00  INFO 22852 --- [TenantService] [           main] o.a.c.c.C.[Tomcat].[localhost].[/]       : Initializing Spring embedded WebApplicationContext
2026-06-28T13:46:40.316+01:00  INFO 22852 --- [TenantService] [           main] w.s.c.ServletWebServerApplicationContext : Root WebApplicationContext: initialization completed in 9752 ms
2026-06-28T13:46:41.855+01:00  INFO 22852 --- [TenantService] [           main] o.hibernate.jpa.internal.util.LogHelper  : HHH000204: Processing PersistenceUnitInfo [name: default]
2026-06-28T13:46:42.094+01:00  INFO 22852 --- [TenantService] [           main] org.hibernate.Version                    : HHH000412: Hibernate ORM core version 6.6.49.Final
2026-06-28T13:46:42.244+01:00  INFO 22852 --- [TenantService] [           main] o.h.c.internal.RegionFactoryInitiator    : HHH000026: Second-level cache disabled
2026-06-28T13:46:43.846+01:00  INFO 22852 --- [TenantService] [           main] o.s.o.j.p.SpringPersistenceUnitInfo      : No LoadTimeWeaver setup: ignoring JPA class transformer
2026-06-28T13:46:43.992+01:00  INFO 22852 --- [TenantService] [           main] com.zaxxer.hikari.HikariDataSource       : HikariPool-1 - Starting...
2026-06-28T13:46:44.779+01:00  INFO 22852 --- [TenantService] [           main] com.zaxxer.hikari.pool.HikariPool        : HikariPool-1 - Added connection org.postgresql.jdbc.PgConnection@70ecf57b
2026-06-28T13:46:44.786+01:00  INFO 22852 --- [TenantService] [           main] com.zaxxer.hikari.HikariDataSource       : HikariPool-1 - Start completed.
2026-06-28T13:46:45.110+01:00  INFO 22852 --- [TenantService] [           main] org.hibernate.orm.connections.pooling    : HHH10001005: Database info:
	Database JDBC URL [Connecting through datasource 'HikariDataSource (HikariPool-1)']
	Database driver: undefined/unknown
	Database version: 18.3
	Autocommit mode: undefined/unknown
	Isolation level: undefined/unknown
	Minimum pool size: undefined/unknown
	Maximum pool size: undefined/unknown
2026-06-28T13:46:49.194+01:00  INFO 22852 --- [TenantService] [           main] o.h.e.t.j.p.i.JtaPlatformInitiator       : HHH000489: No JTA platform available (set 'hibernate.transaction.jta.platform' to enable JTA platform integration)
2026-06-28T13:46:49.390+01:00  INFO 22852 --- [TenantService] [           main] j.LocalContainerEntityManagerFactoryBean : Initialized JPA EntityManagerFactory for persistence unit 'default'
2026-06-28T13:46:50.928+01:00  WARN 22852 --- [TenantService] [           main] JpaBaseConfiguration$JpaWebConfiguration : spring.jpa.open-in-view is enabled by default. Therefore, database queries may be performed during view rendering. Explicitly configure spring.jpa.open-in-view to disable this warning
2026-06-28T13:46:51.730+01:00  INFO 22852 --- [TenantService] [           main] o.s.b.a.e.web.EndpointLinksResolver      : Exposing 1 endpoint beneath base path '/actuator'
2026-06-28T13:46:51.842+01:00  WARN 22852 --- [TenantService] [           main] .s.s.UserDetailsServiceAutoConfiguration : 

Using generated security password: ab1b1be0-7ecc-40bd-b8ef-6d8f026363cb

This generated password is for development use only. Your security configuration must be updated before running your application in production.

2026-06-28T13:46:51.859+01:00  INFO 22852 --- [TenantService] [           main] r$InitializeUserDetailsManagerConfigurer : Global AuthenticationManager configured with UserDetailsService bean with name inMemoryUserDetailsManager
2026-06-28T13:46:52.809+01:00  INFO 22852 --- [TenantService] [           main] o.s.b.w.embedded.tomcat.TomcatWebServer  : Tomcat started on port 9102 (http) with context path '/'
2026-06-28T13:46:52.831+01:00  INFO 22852 --- [TenantService] [           main] c.s.t.TenantServiceApplication           : Started TenantServiceApplication in 25.667 seconds (process running for 27.941)
