
  .   ____          _            __ _ _
 /\\ / ___'_ __ _ _(_)_ __  __ _ \ \ \ \
( ( )\___ | '_ | '_| | '_ \/ _` | \ \ \ \
 \\/  ___)| |_)| | | | | || (_| |  ) ) ) )
  '  |____| .__|_| |_|_| |_\__, | / / / /
 =========|_|==============|___/=/_/_/_/

 :: Spring Boot ::               (v3.5.14)

2026-06-28T13:46:39.856+01:00  INFO 31360 --- [ApiGateway] [           main] c.s.apigateway.ApiGatewayApplication     : Starting ApiGatewayApplication using Java 25.0.2 with PID 31360 (C:\Users\Deus\Desktop\Springworld\SchoolHub\ApiGateway\target\classes started by Deus in C:\Users\Deus\Desktop\Springworld\SchoolHub\ApiGateway)
2026-06-28T13:46:39.865+01:00  INFO 31360 --- [ApiGateway] [           main] c.s.apigateway.ApiGatewayApplication     : No active profile set, falling back to 1 default profile: "default"
2026-06-28T13:46:45.296+01:00  INFO 31360 --- [ApiGateway] [           main] o.s.b.w.embedded.tomcat.TomcatWebServer  : Tomcat initialized with port 9100 (http)
2026-06-28T13:46:45.447+01:00  INFO 31360 --- [ApiGateway] [           main] o.apache.catalina.core.StandardService   : Starting service [Tomcat]
2026-06-28T13:46:45.452+01:00  INFO 31360 --- [ApiGateway] [           main] o.apache.catalina.core.StandardEngine    : Starting Servlet engine: [Apache Tomcat/10.1.54]
2026-06-28T13:46:45.811+01:00  INFO 31360 --- [ApiGateway] [           main] o.a.c.c.C.[Tomcat].[localhost].[/]       : Initializing Spring embedded WebApplicationContext
2026-06-28T13:46:45.814+01:00  INFO 31360 --- [ApiGateway] [           main] w.s.c.ServletWebServerApplicationContext : Root WebApplicationContext: initialization completed in 5629 ms
2026-06-28T13:46:47.398+01:00  INFO 31360 --- [ApiGateway] [           main] o.s.b.a.w.s.WelcomePageHandlerMapping    : Adding welcome page: class path resource [static/index.html]
2026-06-28T13:46:48.884+01:00  INFO 31360 --- [ApiGateway] [           main] o.s.b.a.e.web.EndpointLinksResolver      : Exposing 1 endpoint beneath base path '/actuator'
2026-06-28T13:46:49.085+01:00  INFO 31360 --- [ApiGateway] [           main] o.s.b.w.embedded.tomcat.TomcatWebServer  : Tomcat started on port 9100 (http) with context path '/'
2026-06-28T13:46:49.135+01:00  INFO 31360 --- [ApiGateway] [           main] c.s.apigateway.ApiGatewayApplication     : Started ApiGatewayApplication in 11.274 seconds (process running for 12.581)
2026-06-28T13:47:11.889+01:00  INFO 31360 --- [ApiGateway] [nio-9100-exec-1] o.a.c.c.C.[Tomcat].[localhost].[/]       : Initializing Spring DispatcherServlet 'dispatcherServlet'
2026-06-28T13:47:11.889+01:00  INFO 31360 --- [ApiGateway] [nio-9100-exec-1] o.s.web.servlet.DispatcherServlet        : Initializing Servlet 'dispatcherServlet'
2026-06-28T13:47:11.890+01:00  INFO 31360 --- [ApiGateway] [nio-9100-exec-1] o.s.web.servlet.DispatcherServlet        : Completed initialization in 0 ms
