[SchoolHub] Active DB: SchoolManagementtester
[SchoolHub] Database ready. Starting Spring Boot...

  .   ____          _            __ _ _
 /\\ / ___'_ __ _ _(_)_ __  __ _ \ \ \ \
( ( )\___ | '_ | '_| | '_ \/ _` | \ \ \ \
 \\/  ___)| |_)| | | | | || (_| |  ) ) ) )
  '  |____| .__|_| |_|_| |_\__, | / / / /
 =========|_|==============|___/=/_/_/_/

 :: Spring Boot ::               (v3.5.14)

2026-07-16T00:57:11.810+01:00  INFO 2380 --- [AuthService] [           main] c.s.authservice.AuthServiceApplication   : Starting AuthServiceApplication v0.0.1-SNAPSHOT using Java 25.0.2 with PID 2380 (C:\Users\Deus\Desktop\Springworld\SchoolHub refix\AuthService\target\AuthService-0.0.1-SNAPSHOT.jar started by Deus in C:\Users\Deus\Desktop\Springworld\SchoolHub refix\AuthService)
2026-07-16T00:57:11.825+01:00  INFO 2380 --- [AuthService] [           main] c.s.authservice.AuthServiceApplication   : No active profile set, falling back to 1 default profile: "default"
2026-07-16T00:57:16.354+01:00  INFO 2380 --- [AuthService] [           main] .s.d.r.c.RepositoryConfigurationDelegate : Bootstrapping Spring Data JPA repositories in DEFAULT mode.
2026-07-16T00:57:17.842+01:00  INFO 2380 --- [AuthService] [           main] .s.d.r.c.RepositoryConfigurationDelegate : Finished Spring Data repository scanning in 1438 ms. Found 5 JPA repository interfaces.
2026-07-16T00:57:26.305+01:00  INFO 2380 --- [AuthService] [           main] o.s.b.w.embedded.tomcat.TomcatWebServer  : Tomcat initialized with port 9001 (http)
2026-07-16T00:57:26.502+01:00  INFO 2380 --- [AuthService] [           main] o.apache.catalina.core.StandardService   : Starting service [Tomcat]
2026-07-16T00:57:26.504+01:00  INFO 2380 --- [AuthService] [           main] o.apache.catalina.core.StandardEngine    : Starting Servlet engine: [Apache Tomcat/10.1.54]
2026-07-16T00:57:27.128+01:00  INFO 2380 --- [AuthService] [           main] o.a.c.c.C.[Tomcat].[localhost].[/]       : Initializing Spring embedded WebApplicationContext
2026-07-16T00:57:27.138+01:00  INFO 2380 --- [AuthService] [           main] w.s.c.ServletWebServerApplicationContext : Root WebApplicationContext: initialization completed in 15083 ms
2026-07-16T00:57:29.533+01:00  INFO 2380 --- [AuthService] [           main] o.hibernate.jpa.internal.util.LogHelper  : HHH000204: Processing PersistenceUnitInfo [name: default]
2026-07-16T00:57:29.790+01:00  INFO 2380 --- [AuthService] [           main] org.hibernate.Version                    : HHH000412: Hibernate ORM core version 6.6.49.Final
2026-07-16T00:57:29.997+01:00  INFO 2380 --- [AuthService] [           main] o.h.c.internal.RegionFactoryInitiator    : HHH000026: Second-level cache disabled
2026-07-16T00:57:31.905+01:00  INFO 2380 --- [AuthService] [           main] o.s.o.j.p.SpringPersistenceUnitInfo      : No LoadTimeWeaver setup: ignoring JPA class transformer
2026-07-16T00:57:32.071+01:00  INFO 2380 --- [AuthService] [           main] com.zaxxer.hikari.HikariDataSource       : HikariPool-1 - Starting...
2026-07-16T00:57:32.323+01:00  INFO 2380 --- [AuthService] [           main] com.zaxxer.hikari.pool.HikariPool        : HikariPool-1 - Added connection org.postgresql.jdbc.PgConnection@4e1a3d5a
2026-07-16T00:57:32.328+01:00  INFO 2380 --- [AuthService] [           main] com.zaxxer.hikari.HikariDataSource       : HikariPool-1 - Start completed.
2026-07-16T00:57:32.676+01:00  INFO 2380 --- [AuthService] [           main] org.hibernate.orm.connections.pooling    : HHH10001005: Database info:
	Database JDBC URL [Connecting through datasource 'HikariDataSource (HikariPool-1)']
	Database driver: undefined/unknown
	Database version: 18.3
	Autocommit mode: undefined/unknown
	Isolation level: undefined/unknown
	Minimum pool size: undefined/unknown
	Maximum pool size: undefined/unknown
2026-07-16T00:57:35.322+01:00  INFO 2380 --- [AuthService] [           main] o.h.e.t.j.p.i.JtaPlatformInitiator       : HHH000489: No JTA platform available (set 'hibernate.transaction.jta.platform' to enable JTA platform integration)
2026-07-16T00:57:35.588+01:00  INFO 2380 --- [AuthService] [           main] j.LocalContainerEntityManagerFactoryBean : Initialized JPA EntityManagerFactory for persistence unit 'default'
2026-07-16T00:57:37.773+01:00  WARN 2380 --- [AuthService] [           main] JpaBaseConfiguration$JpaWebConfiguration : spring.jpa.open-in-view is enabled by default. Therefore, database queries may be performed during view rendering. Explicitly configure spring.jpa.open-in-view to disable this warning
2026-07-16T00:57:39.236+01:00  INFO 2380 --- [AuthService] [           main] o.s.b.a.e.web.EndpointLinksResolver      : Exposing 1 endpoint beneath base path '/actuator'
2026-07-16T00:57:39.402+01:00  WARN 2380 --- [AuthService] [           main] .s.s.UserDetailsServiceAutoConfiguration : 

Using generated security password: fcfd210c-c543-4b25-88cd-759be0e862d2

This generated password is for development use only. Your security configuration must be updated before running your application in production.

2026-07-16T00:57:39.452+01:00  INFO 2380 --- [AuthService] [           main] r$InitializeUserDetailsManagerConfigurer : Global AuthenticationManager configured with UserDetailsService bean with name inMemoryUserDetailsManager
2026-07-16T00:57:41.640+01:00  INFO 2380 --- [AuthService] [           main] o.s.b.w.embedded.tomcat.TomcatWebServer  : Tomcat started on port 9001 (http) with context path '/'
2026-07-16T00:57:41.705+01:00  INFO 2380 --- [AuthService] [           main] c.s.authservice.AuthServiceApplication   : Started AuthServiceApplication in 31.683 seconds (process running for 36.072)
2026-07-16T00:58:08.112+01:00  INFO 2380 --- [AuthService] [nio-9001-exec-1] o.a.c.c.C.[Tomcat].[localhost].[/]       : Initializing Spring DispatcherServlet 'dispatcherServlet'
2026-07-16T00:58:08.114+01:00  INFO 2380 --- [AuthService] [nio-9001-exec-1] o.s.web.servlet.DispatcherServlet        : Initializing Servlet 'dispatcherServlet'
2026-07-16T00:58:08.142+01:00  INFO 2380 --- [AuthService] [nio-9001-exec-1] o.s.web.servlet.DispatcherServlet        : Completed initialization in 16 ms
