
  .   ____          _            __ _ _
 /\\ / ___'_ __ _ _(_)_ __  __ _ \ \ \ \
( ( )\___ | '_ | '_| | '_ \/ _` | \ \ \ \
 \\/  ___)| |_)| | | | | || (_| |  ) ) ) )
  '  |____| .__|_| |_|_| |_\__, | / / / /
 =========|_|==============|___/=/_/_/_/

 :: Spring Boot ::               (v3.5.14)

2026-06-28T13:46:23.495+01:00  INFO 54604 --- [AuthService] [           main] c.s.authservice.AuthServiceApplication   : Starting AuthServiceApplication using Java 25.0.2 with PID 54604 (C:\Users\Deus\Desktop\Springworld\SchoolHub\AuthService\target\classes started by Deus in C:\Users\Deus\Desktop\Springworld\SchoolHub\AuthService)
2026-06-28T13:46:23.548+01:00  INFO 54604 --- [AuthService] [           main] c.s.authservice.AuthServiceApplication   : No active profile set, falling back to 1 default profile: "default"
2026-06-28T13:46:30.938+01:00  INFO 54604 --- [AuthService] [           main] .s.d.r.c.RepositoryConfigurationDelegate : Bootstrapping Spring Data JPA repositories in DEFAULT mode.
2026-06-28T13:46:31.484+01:00  INFO 54604 --- [AuthService] [           main] .s.d.r.c.RepositoryConfigurationDelegate : Finished Spring Data repository scanning in 476 ms. Found 4 JPA repository interfaces.
2026-06-28T13:46:35.502+01:00  INFO 54604 --- [AuthService] [           main] o.s.b.w.embedded.tomcat.TomcatWebServer  : Tomcat initialized with port 9101 (http)
2026-06-28T13:46:35.596+01:00  INFO 54604 --- [AuthService] [           main] o.apache.catalina.core.StandardService   : Starting service [Tomcat]
2026-06-28T13:46:35.597+01:00  INFO 54604 --- [AuthService] [           main] o.apache.catalina.core.StandardEngine    : Starting Servlet engine: [Apache Tomcat/10.1.54]
2026-06-28T13:46:36.046+01:00  INFO 54604 --- [AuthService] [           main] o.a.c.c.C.[Tomcat].[localhost].[/]       : Initializing Spring embedded WebApplicationContext
2026-06-28T13:46:36.048+01:00  INFO 54604 --- [AuthService] [           main] w.s.c.ServletWebServerApplicationContext : Root WebApplicationContext: initialization completed in 11683 ms
2026-06-28T13:46:37.493+01:00  INFO 54604 --- [AuthService] [           main] o.hibernate.jpa.internal.util.LogHelper  : HHH000204: Processing PersistenceUnitInfo [name: default]
2026-06-28T13:46:37.727+01:00  INFO 54604 --- [AuthService] [           main] org.hibernate.Version                    : HHH000412: Hibernate ORM core version 6.6.49.Final
2026-06-28T13:46:37.851+01:00  INFO 54604 --- [AuthService] [           main] o.h.c.internal.RegionFactoryInitiator    : HHH000026: Second-level cache disabled
2026-06-28T13:46:39.286+01:00  INFO 54604 --- [AuthService] [           main] o.s.o.j.p.SpringPersistenceUnitInfo      : No LoadTimeWeaver setup: ignoring JPA class transformer
2026-06-28T13:46:39.407+01:00  INFO 54604 --- [AuthService] [           main] com.zaxxer.hikari.HikariDataSource       : HikariPool-1 - Starting...
2026-06-28T13:46:40.332+01:00  INFO 54604 --- [AuthService] [           main] com.zaxxer.hikari.pool.HikariPool        : HikariPool-1 - Added connection org.postgresql.jdbc.PgConnection@538e74fc
2026-06-28T13:46:40.342+01:00  INFO 54604 --- [AuthService] [           main] com.zaxxer.hikari.HikariDataSource       : HikariPool-1 - Start completed.
2026-06-28T13:46:40.697+01:00  INFO 54604 --- [AuthService] [           main] org.hibernate.orm.connections.pooling    : HHH10001005: Database info:
	Database JDBC URL [Connecting through datasource 'HikariDataSource (HikariPool-1)']
	Database driver: undefined/unknown
	Database version: 18.3
	Autocommit mode: undefined/unknown
	Isolation level: undefined/unknown
	Minimum pool size: undefined/unknown
	Maximum pool size: undefined/unknown
2026-06-28T13:46:45.070+01:00  INFO 54604 --- [AuthService] [           main] o.h.e.t.j.p.i.JtaPlatformInitiator       : HHH000489: No JTA platform available (set 'hibernate.transaction.jta.platform' to enable JTA platform integration)
2026-06-28T13:46:45.628+01:00  INFO 54604 --- [AuthService] [           main] j.LocalContainerEntityManagerFactoryBean : Initialized JPA EntityManagerFactory for persistence unit 'default'
2026-06-28T13:46:48.045+01:00  WARN 54604 --- [AuthService] [           main] JpaBaseConfiguration$JpaWebConfiguration : spring.jpa.open-in-view is enabled by default. Therefore, database queries may be performed during view rendering. Explicitly configure spring.jpa.open-in-view to disable this warning
2026-06-28T13:46:49.373+01:00  INFO 54604 --- [AuthService] [           main] o.s.b.a.e.web.EndpointLinksResolver      : Exposing 1 endpoint beneath base path '/actuator'
2026-06-28T13:46:49.519+01:00  WARN 54604 --- [AuthService] [           main] .s.s.UserDetailsServiceAutoConfiguration : 

Using generated security password: cfc182ab-4363-4206-9909-515505a051c4

This generated password is for development use only. Your security configuration must be updated before running your application in production.

2026-06-28T13:46:49.537+01:00  INFO 54604 --- [AuthService] [           main] r$InitializeUserDetailsManagerConfigurer : Global AuthenticationManager configured with UserDetailsService bean with name inMemoryUserDetailsManager
2026-06-28T13:46:50.916+01:00  INFO 54604 --- [AuthService] [           main] o.s.b.w.embedded.tomcat.TomcatWebServer  : Tomcat started on port 9101 (http) with context path '/'
2026-06-28T13:46:50.954+01:00  INFO 54604 --- [AuthService] [           main] c.s.authservice.AuthServiceApplication   : Started AuthServiceApplication in 30.986 seconds (process running for 33.619)
2026-06-28T13:47:12.129+01:00  INFO 54604 --- [AuthService] [nio-9101-exec-2] o.a.c.c.C.[Tomcat].[localhost].[/]       : Initializing Spring DispatcherServlet 'dispatcherServlet'
2026-06-28T13:47:12.129+01:00  INFO 54604 --- [AuthService] [nio-9101-exec-2] o.s.web.servlet.DispatcherServlet        : Initializing Servlet 'dispatcherServlet'
2026-06-28T13:47:12.130+01:00  INFO 54604 --- [AuthService] [nio-9101-exec-2] o.s.web.servlet.DispatcherServlet        : Completed initialization in 1 ms
